2026-04-27 11:44:50 [157931] [0] INFO: Debug_lvl = 0, log_file = <none>, log_lvl = 0
2026-04-27 11:44:50 [157931] [0] DEBUG: Kannel wapbox version `1.4.5'.
Compiler `13.3.0'.
System Linux, release 6.17.0-22-generic, version #22~24.04.1-Ubuntu SMP PREEMPT_DYNAMIC Thu Mar 26 15:25:54 UTC 2, machine x86_64.
Hostname medali, IP 192.168.1.79.
Libxml version 2.9.14.
Using OpenSSL 3.0.13 30 Jan 2024.
Compiled with MySQL 8.0.45, using MySQL 8.0.45.
Compiled with PostgreSQL 18.3 (Ubuntu 18.3-1.pgdg24.04+1).
Using SQLite 3.45.1.
Using hiredis API 1.2.0
Using native malloc.

2026-04-27 11:44:50 [157931] [0] DEBUG: Dumping Cfg 0x5fd1e7d1e160
2026-04-27 11:44:50 [157931] [0] DEBUG:   filename = <gw/wapkannel.conf>
2026-04-27 11:44:50 [157931] [0] DEBUG:   dumping group (wapbox):
2026-04-27 11:44:50 [157931] [0] DEBUG:     <syslog-level> = <none>
2026-04-27 11:44:50 [157931] [0] DEBUG:     <group> = <wapbox>
2026-04-27 11:44:50 [157931] [0] DEBUG:     <bearerbox-host> = <127.0.0.1>
2026-04-27 11:44:50 [157931] [0] DEBUG:   dumping group (core):
2026-04-27 11:44:50 [157931] [0] DEBUG:     <group> = <core>
2026-04-27 11:44:50 [157931] [0] DEBUG:     <wdp-interface-name> = <127.0.0.1>
2026-04-27 11:44:50 [157931] [0] DEBUG:     <admin-port> = <13000>
2026-04-27 11:44:50 [157931] [0] DEBUG:     <box-allow-ip> = <127.0.0.1>
2026-04-27 11:44:50 [157931] [0] DEBUG:     <wapbox-port> = <13002>
2026-04-27 11:44:50 [157931] [0] DEBUG:     <box-deny-ip> = <*.*.*.*>
2026-04-27 11:44:50 [157931] [0] DEBUG:     <admin-password> = <bar>
2026-04-27 11:44:50 [157931] [0] DEBUG: Dump ends.
2026-04-27 11:44:50 [157931] [0] DEBUG: map_url_max = -1
2026-04-27 11:44:50 [157931] [0] DEBUG: syslog parameter is none
2026-04-27 11:44:50 [157931] [0] INFO: ------------------------------------------------------------
2026-04-27 11:44:50 [157931] [0] INFO: Kannel wapbox version 1.4.5 starting up.
2026-04-27 11:44:50 [157931] [0] DEBUG: Started thread 1 (wap/wsp_session.c:main_thread)
2026-04-27 11:44:50 [157931] [0] DEBUG: Started thread 2 (wap/wsp_unit.c:main_thread)
2026-04-27 11:44:50 [157931] [0] DEBUG: Started thread 3 (wap/wsp_push_client.c:main_thread)
2026-04-27 11:44:50 [157931] [3] DEBUG: Thread 3 (wap/wsp_push_client.c:main_thread) maps to pid 157931.
2026-04-27 11:44:50 [157931] [0] DEBUG: Started thread 4 (wap/timers.c:watch_timers)
2026-04-27 11:44:50 [157931] [4] DEBUG: Thread 4 (wap/timers.c:watch_timers) maps to pid 157931.
2026-04-27 11:44:50 [157931] [2] DEBUG: Thread 2 (wap/wsp_unit.c:main_thread) maps to pid 157931.
2026-04-27 11:44:50 [157931] [0] DEBUG: Started thread 5 (wap/wtp_resp.c:main_thread)
2026-04-27 11:44:50 [157931] [5] DEBUG: Thread 5 (wap/wtp_resp.c:main_thread) maps to pid 157931.
2026-04-27 11:44:50 [157931] [1] DEBUG: Thread 1 (wap/wsp_session.c:main_thread) maps to pid 157931.
2026-04-27 11:44:50 [157931] [0] DEBUG: Started thread 6 (gw/wap-appl.c:main_thread)
2026-04-27 11:44:50 [157931] [0] DEBUG: Started thread 7 (gw/wap-appl.c:return_replies_thread)
2026-04-27 11:44:50 [157931] [7] DEBUG: Thread 7 (gw/wap-appl.c:return_replies_thread) maps to pid 157931.
2026-04-27 11:44:50 [157931] [6] DEBUG: Thread 6 (gw/wap-appl.c:main_thread) maps to pid 157931.
2026-04-27 11:44:50 [157931] [0] DEBUG: Connecting to <127.0.0.1>
2026-04-27 11:44:50 [157931] [0] INFO: Connected to bearerbox at 127.0.0.1 port 13002.
2026-04-27 11:44:50 [157931] [0] DEBUG: Started thread 8 (gw/heartbeat.c:heartbeat_thread)
2026-04-27 11:44:50 [157931] [8] DEBUG: Thread 8 (gw/heartbeat.c:heartbeat_thread) maps to pid 157931.
2026-04-27 16:23:18 [157931] [0] ERROR: Connection closed by the bearerbox.
2026-04-27 16:23:18 [157931] [0] ERROR: Bearerbox is gone, restarting
2026-04-27 16:23:18 [157931] [0] INFO: Kannel wapbox terminating.
2026-04-27 16:23:18 [157931] [8] DEBUG: Thread 8 (gw/heartbeat.c:heartbeat_thread) terminates.
2026-04-27 16:23:18 [157931] [0] DEBUG: Waiting for 5 (wap/wtp_resp.c:main_thread) to terminate
2026-04-27 16:23:18 [157931] [5] DEBUG: Thread 5 (wap/wtp_resp.c:main_thread) terminates.
2026-04-27 16:23:18 [157931] [0] DEBUG: wtp_resp_shutdown: 0 resp_machines left
2026-04-27 16:23:18 [157931] [0] DEBUG: 0 items left in the tid cache
2026-04-27 16:23:18 [157931] [4] DEBUG: Thread 4 (wap/timers.c:watch_timers) terminates.
2026-04-27 16:23:18 [157931] [0] DEBUG: Waiting for 3 (wap/wsp_push_client.c:main_thread) to terminate
2026-04-27 16:23:18 [157931] [3] DEBUG: Thread 3 (wap/wsp_push_client.c:main_thread) terminates.
2026-04-27 16:23:18 [157931] [0] DEBUG: wsp_push_client_shutdown: 0 push client machinesleft
2026-04-27 16:23:18 [157931] [0] DEBUG: Waiting for 2 (wap/wsp_unit.c:main_thread) to terminate
2026-04-27 16:23:18 [157931] [2] DEBUG: Thread 2 (wap/wsp_unit.c:main_thread) terminates.
2026-04-27 16:23:18 [157931] [0] DEBUG: Waiting for 1 (wap/wsp_session.c:main_thread) to terminate
2026-04-27 16:23:18 [157931] [1] DEBUG: Thread 1 (wap/wsp_session.c:main_thread) terminates.
2026-04-27 16:23:18 [157931] [0] DEBUG: WSP: 0 session machines left.
2026-04-27 16:23:18 [157931] [0] DEBUG: Waiting for 6 (gw/wap-appl.c:main_thread) to terminate
2026-04-27 16:23:18 [157931] [6] DEBUG: Thread 6 (gw/wap-appl.c:main_thread) terminates.
2026-04-27 16:23:18 [157931] [0] DEBUG: Waiting for 7 (gw/wap-appl.c:return_replies_thread) to terminate
2026-04-27 16:23:18 [157931] [7] DEBUG: Thread 7 (gw/wap-appl.c:return_replies_thread) terminates.
2026-04-27 16:23:29 [265514] [0] INFO: Debug_lvl = 0, log_file = <none>, log_lvl = 0
2026-04-27 16:23:29 [265514] [0] DEBUG: Kannel wapbox version `1.4.5'.
Compiler `13.3.0'.
System Linux, release 6.17.0-22-generic, version #22~24.04.1-Ubuntu SMP PREEMPT_DYNAMIC Thu Mar 26 15:25:54 UTC 2, machine x86_64.
Hostname medali, IP 192.168.1.79.
Libxml version 2.9.14.
Using OpenSSL 3.0.13 30 Jan 2024.
Compiled with MySQL 8.0.45, using MySQL 8.0.45.
Compiled with PostgreSQL 18.3 (Ubuntu 18.3-1.pgdg24.04+1).
Using SQLite 3.45.1.
Using hiredis API 1.2.0
Using native malloc.

2026-04-27 16:23:29 [265514] [0] DEBUG: Dumping Cfg 0x59d877bf9160
2026-04-27 16:23:29 [265514] [0] DEBUG:   filename = <gw/wapkannel.conf>
2026-04-27 16:23:29 [265514] [0] DEBUG:   dumping group (wapbox):
2026-04-27 16:23:29 [265514] [0] DEBUG:     <syslog-level> = <none>
2026-04-27 16:23:29 [265514] [0] DEBUG:     <group> = <wapbox>
2026-04-27 16:23:29 [265514] [0] DEBUG:     <bearerbox-host> = <127.0.0.1>
2026-04-27 16:23:29 [265514] [0] DEBUG:   dumping group (core):
2026-04-27 16:23:29 [265514] [0] DEBUG:     <group> = <core>
2026-04-27 16:23:29 [265514] [0] DEBUG:     <wdp-interface-name> = <127.0.0.1>
2026-04-27 16:23:29 [265514] [0] DEBUG:     <admin-port> = <13000>
2026-04-27 16:23:29 [265514] [0] DEBUG:     <box-allow-ip> = <127.0.0.1>
2026-04-27 16:23:29 [265514] [0] DEBUG:     <wapbox-port> = <13002>
2026-04-27 16:23:29 [265514] [0] DEBUG:     <box-deny-ip> = <*.*.*.*>
2026-04-27 16:23:29 [265514] [0] DEBUG:     <admin-password> = <bar>
2026-04-27 16:23:29 [265514] [0] DEBUG: Dump ends.
2026-04-27 16:23:29 [265514] [0] DEBUG: map_url_max = -1
2026-04-27 16:23:29 [265514] [0] DEBUG: syslog parameter is none
2026-04-27 16:23:29 [265514] [0] INFO: ------------------------------------------------------------
2026-04-27 16:23:29 [265514] [0] INFO: Kannel wapbox version 1.4.5 starting up.
2026-04-27 16:23:29 [265514] [0] DEBUG: Started thread 1 (wap/wsp_session.c:main_thread)
2026-04-27 16:23:29 [265514] [0] DEBUG: Started thread 2 (wap/wsp_unit.c:main_thread)
2026-04-27 16:23:29 [265514] [1] DEBUG: Thread 1 (wap/wsp_session.c:main_thread) maps to pid 265514.
2026-04-27 16:23:29 [265514] [2] DEBUG: Thread 2 (wap/wsp_unit.c:main_thread) maps to pid 265514.
2026-04-27 16:23:29 [265514] [0] DEBUG: Started thread 3 (wap/wsp_push_client.c:main_thread)
2026-04-27 16:23:29 [265514] [3] DEBUG: Thread 3 (wap/wsp_push_client.c:main_thread) maps to pid 265514.
2026-04-27 16:23:29 [265514] [0] DEBUG: Started thread 4 (wap/timers.c:watch_timers)
2026-04-27 16:23:29 [265514] [4] DEBUG: Thread 4 (wap/timers.c:watch_timers) maps to pid 265514.
2026-04-27 16:23:29 [265514] [0] DEBUG: Started thread 5 (wap/wtp_resp.c:main_thread)
2026-04-27 16:23:29 [265514] [5] DEBUG: Thread 5 (wap/wtp_resp.c:main_thread) maps to pid 265514.
2026-04-27 16:23:29 [265514] [0] DEBUG: Started thread 6 (gw/wap-appl.c:main_thread)
2026-04-27 16:23:29 [265514] [6] DEBUG: Thread 6 (gw/wap-appl.c:main_thread) maps to pid 265514.
2026-04-27 16:23:29 [265514] [0] DEBUG: Started thread 7 (gw/wap-appl.c:return_replies_thread)
2026-04-27 16:23:29 [265514] [7] DEBUG: Thread 7 (gw/wap-appl.c:return_replies_thread) maps to pid 265514.
2026-04-27 16:23:29 [265514] [0] DEBUG: Connecting to <127.0.0.1>
2026-04-27 16:23:29 [265514] [0] INFO: Connected to bearerbox at 127.0.0.1 port 13002.
2026-04-27 16:23:29 [265514] [0] DEBUG: Started thread 8 (gw/heartbeat.c:heartbeat_thread)
2026-04-27 16:23:29 [265514] [8] DEBUG: Thread 8 (gw/heartbeat.c:heartbeat_thread) maps to pid 265514.
2026-04-27 16:24:48 [265514] [0] INFO: Bearerbox told us to die
2026-04-27 16:24:48 [265514] [0] INFO: Kannel wapbox terminating.
2026-04-27 16:24:48 [265514] [8] DEBUG: Thread 8 (gw/heartbeat.c:heartbeat_thread) terminates.
2026-04-27 16:24:48 [265514] [0] DEBUG: Waiting for 5 (wap/wtp_resp.c:main_thread) to terminate
2026-04-27 16:24:48 [265514] [5] DEBUG: Thread 5 (wap/wtp_resp.c:main_thread) terminates.
2026-04-27 16:24:48 [265514] [0] DEBUG: wtp_resp_shutdown: 0 resp_machines left
2026-04-27 16:24:48 [265514] [0] DEBUG: 0 items left in the tid cache
2026-04-27 16:24:48 [265514] [4] DEBUG: Thread 4 (wap/timers.c:watch_timers) terminates.
2026-04-27 16:24:48 [265514] [0] DEBUG: Waiting for 3 (wap/wsp_push_client.c:main_thread) to terminate
2026-04-27 16:24:48 [265514] [3] DEBUG: Thread 3 (wap/wsp_push_client.c:main_thread) terminates.
2026-04-27 16:24:48 [265514] [0] DEBUG: wsp_push_client_shutdown: 0 push client machinesleft
2026-04-27 16:24:48 [265514] [0] DEBUG: Waiting for 2 (wap/wsp_unit.c:main_thread) to terminate
2026-04-27 16:24:48 [265514] [2] DEBUG: Thread 2 (wap/wsp_unit.c:main_thread) terminates.
2026-04-27 16:24:48 [265514] [0] DEBUG: Waiting for 1 (wap/wsp_session.c:main_thread) to terminate
2026-04-27 16:24:48 [265514] [1] DEBUG: Thread 1 (wap/wsp_session.c:main_thread) terminates.
2026-04-27 16:24:48 [265514] [0] DEBUG: WSP: 0 session machines left.
2026-04-27 16:24:48 [265514] [0] DEBUG: Waiting for 6 (gw/wap-appl.c:main_thread) to terminate
2026-04-27 16:24:48 [265514] [6] DEBUG: Thread 6 (gw/wap-appl.c:main_thread) terminates.
2026-04-27 16:24:48 [265514] [0] DEBUG: Waiting for 7 (gw/wap-appl.c:return_replies_thread) to terminate
2026-04-27 16:24:48 [265514] [7] DEBUG: Thread 7 (gw/wap-appl.c:return_replies_thread) terminates.
