2026-04-26 16:11:11 [756802] [0] INFO: an input without a configuration file assumed
2026-04-26 16:11:11 [756802] [0] DEBUG: using test/sl.txt as a content file
2026-04-26 16:11:11 [756802] [0] DEBUG: using test/iptestppg.txt as a control file
2026-04-26 16:11:11 [756802] [0] DEBUG: Started thread 1 (test/test_ppg.c:push_thread)
2026-04-26 16:11:11 [756802] [1] DEBUG: Thread 1 (test/test_ppg.c:push_thread) maps to pid 756802.
2026-04-26 16:11:11 [756802] [1] DEBUG: we have push content
2026-04-26 16:11:11 [756802] [1] DEBUG: Octet string at 0x7bd250001010:
2026-04-26 16:11:11 [756802] [1] DEBUG:   len:  955
2026-04-26 16:11:11 [756802] [1] DEBUG:   size: 1024
2026-04-26 16:11:11 [756802] [1] DEBUG:   immutable: 0
2026-04-26 16:11:11 [756802] [1] DEBUG:   data: 0d 0a 2d 2d 61 73 64 6c 66 6b 6a 69 75 72 77 67   ..--asdlfkjiurwg
2026-04-26 16:11:11 [756802] [1] DEBUG:   data: 68 61 73 66 0d 0a 43 6f 6e 74 65 6e 74 2d 54 79   hasf..Content-Ty
2026-04-26 16:11:11 [756802] [1] DEBUG:   data: 70 65 3a 20 61 70 70 6c 69 63 61 74 69 6f 6e 2f   pe: application/
2026-04-26 16:11:11 [756802] [1] DEBUG:   data: 78 6d 6c 0d 0a 0d 0a 3c 3f 78 6d 6c 20 76 65 72   xml....<?xml ver
2026-04-26 16:11:11 [756802] [1] DEBUG:   data: 73 69 6f 6e 3d 22 31 2e 30 22 3f 3e 0a 3c 21 44   sion="1.0"?>.<!D
2026-04-26 16:11:11 [756802] [1] DEBUG:   data: 4f 43 54 59 50 45 20 70 61 70 20 50 55 42 4c 49   OCTYPE pap PUBLI
2026-04-26 16:11:11 [756802] [1] DEBUG:   data: 43 20 22 2d 2f 2f 57 41 50 46 4f 52 55 4d 2f 2f   C "-//WAPFORUM//
2026-04-26 16:11:11 [756802] [1] DEBUG:   data: 44 54 44 20 50 41 50 2f 2f 45 4e 22 0a 20 20 20   DTD PAP//EN".   
2026-04-26 16:11:11 [756802] [1] DEBUG:   data: 20 20 20 20 20 20 20 22 68 74 74 70 3a 2f 2f 77          "http://w
2026-04-26 16:11:11 [756802] [1] DEBUG:   data: 77 77 2e 77 61 70 66 6f 72 75 6d 2e 6f 72 67 2f   ww.wapforum.org/
2026-04-26 16:11:11 [756802] [1] DEBUG:   data: 44 54 44 2f 70 61 70 5f 31 2e 30 2e 64 74 64 22   DTD/pap_1.0.dtd"
2026-04-26 16:11:11 [756802] [1] DEBUG:   data: 3e 0a 3c 70 61 70 3e 0a 20 20 3c 70 75 73 68 2d   >.<pap>.  <push-
2026-04-26 16:11:11 [756802] [1] DEBUG:   data: 6d 65 73 73 61 67 65 20 70 75 73 68 2d 69 64 3d   message push-id=
2026-04-26 16:11:11 [756802] [1] DEBUG:   data: 22 39 66 6a 65 6f 33 39 6a 66 30 38 34 40 70 69   "9fjeo39jf084@pi
2026-04-26 16:11:11 [756802] [1] DEBUG:   data: 2e 63 6f 6d 22 0a 20 20 64 65 6c 69 76 65 72 2d   .com".  deliver-
2026-04-26 16:11:11 [756802] [1] DEBUG:   data: 61 66 74 65 72 2d 74 69 6d 65 73 74 61 6d 70 3d   after-timestamp=
2026-04-26 16:11:11 [756802] [1] DEBUG:   data: 22 32 30 30 31 2d 30 32 2d 32 38 54 30 36 3a 34   "2001-02-28T06:4
2026-04-26 16:11:11 [756802] [1] DEBUG:   data: 35 3a 30 30 5a 22 0a 20 20 70 72 6f 67 72 65 73   5:00Z".  progres
2026-04-26 16:11:11 [756802] [1] DEBUG:   data: 73 2d 6e 6f 74 65 73 2d 72 65 71 75 65 73 74 65   s-notes-requeste
2026-04-26 16:11:11 [756802] [1] DEBUG:   data: 64 3d 22 66 61 6c 73 65 22 3e 0a 20 20 20 20 3c   d="false">.    <
2026-04-26 16:11:11 [756802] [1] DEBUG:   data: 61 64 64 72 65 73 73 20 61 64 64 72 65 73 73 2d   address address-
2026-04-26 16:11:11 [756802] [1] DEBUG:   data: 76 61 6c 75 65 3d 22 57 41 50 50 55 53 48 3d 32   value="WAPPUSH=2
2026-04-26 16:11:11 [756802] [1] DEBUG:   data: 31 33 2e 32 34 33 2e 31 34 30 2e 31 30 32 2f 54   13.243.140.102/T
2026-04-26 16:11:11 [756802] [1] DEBUG:   data: 59 50 45 3d 49 50 76 34 40 70 70 67 2e 63 61 72   YPE=IPv4@ppg.car
2026-04-26 16:11:11 [756802] [1] DEBUG:   data: 72 69 65 72 2e 63 6f 6d 22 3e 0a 20 20 20 20 3c   rier.com">.    <
2026-04-26 16:11:11 [756802] [1] DEBUG:   data: 2f 61 64 64 72 65 73 73 3e 0a 20 20 20 20 3c 71   /address>.    <q
2026-04-26 16:11:11 [756802] [1] DEBUG:   data: 75 61 6c 69 74 79 2d 6f 66 2d 73 65 72 76 69 63   uality-of-servic
2026-04-26 16:11:11 [756802] [1] DEBUG:   data: 65 0a 20 20 20 20 70 72 69 6f 72 69 74 79 3d 22   e.    priority="
2026-04-26 16:11:11 [756802] [1] DEBUG:   data: 6c 6f 77 22 0a 20 20 20 20 64 65 6c 69 76 65 72   low".    deliver
2026-04-26 16:11:11 [756802] [1] DEBUG:   data: 79 2d 6d 65 74 68 6f 64 3d 22 75 6e 63 6f 6e 66   y-method="unconf
2026-04-26 16:11:11 [756802] [1] DEBUG:   data: 69 72 6d 65 64 22 0a 20 20 20 20 62 65 61 72 65   irmed".    beare
2026-04-26 16:11:11 [756802] [1] DEBUG:   data: 72 2d 72 65 71 75 69 72 65 64 3d 22 74 72 75 65   r-required="true
2026-04-26 16:11:11 [756802] [1] DEBUG:   data: 22 0a 20 20 20 20 62 65 61 72 65 72 3d 22 43 53   ".    bearer="CS
2026-04-26 16:11:11 [756802] [1] DEBUG:   data: 44 22 20 0a 20 20 20 20 6e 65 74 77 6f 72 6b 2d   D" .    network-
2026-04-26 16:11:11 [756802] [1] DEBUG:   data: 72 65 71 75 69 72 65 64 3d 22 74 72 75 65 22 0a   required="true".
2026-04-26 16:11:11 [756802] [1] DEBUG:   data: 20 20 20 20 6e 65 74 77 6f 72 6b 3d 22 47 53 4d       network="GSM
2026-04-26 16:11:11 [756802] [1] DEBUG:   data: 22 3e 0a 20 20 20 20 3c 2f 71 75 61 6c 69 74 79   ">.    </quality
2026-04-26 16:11:11 [756802] [1] DEBUG:   data: 2d 6f 66 2d 73 65 72 76 69 63 65 3e 0a 20 20 3c   -of-service>.  <
2026-04-26 16:11:11 [756802] [1] DEBUG:   data: 2f 70 75 73 68 2d 6d 65 73 73 61 67 65 3e 0a 3c   /push-message>.<
2026-04-26 16:11:11 [756802] [1] DEBUG:   data: 2f 70 61 70 3e 0a 0d 0a 2d 2d 61 73 64 6c 66 6b   /pap>...--asdlfk
2026-04-26 16:11:11 [756802] [1] DEBUG:   data: 6a 69 75 72 77 67 68 61 73 66 0d 0a 58 2d 57 41   jiurwghasf..X-WA
2026-04-26 16:11:11 [756802] [1] DEBUG:   data: 50 2d 41 70 70 6c 69 63 61 74 69 6f 6e 2d 49 64   P-Application-Id
2026-04-26 16:11:11 [756802] [1] DEBUG:   data: 3a 20 68 74 74 70 3a 2f 2f 77 77 77 2e 77 69 72   : http://www.wir
2026-04-26 16:11:11 [756802] [1] DEBUG:   data: 61 6c 2e 63 6f 6d 3a 77 6d 6c 2e 75 61 0d 0a 43   al.com:wml.ua..C
2026-04-26 16:11:11 [756802] [1] DEBUG:   data: 6f 6e 74 65 6e 74 2d 54 79 70 65 3a 20 74 65 78   ontent-Type: tex
2026-04-26 16:11:11 [756802] [1] DEBUG:   data: 74 2f 76 6e 64 2e 77 61 70 2e 73 6c 0d 0a 0d 0a   t/vnd.wap.sl....
2026-04-26 16:11:11 [756802] [1] DEBUG:   data: 3c 3f 78 6d 6c 20 76 65 72 73 69 6f 6e 3d 22 31   <?xml version="1
2026-04-26 16:11:11 [756802] [1] DEBUG:   data: 2e 30 22 3f 3e 0a 20 20 20 20 3c 21 44 4f 43 54   .0"?>.    <!DOCT
2026-04-26 16:11:11 [756802] [1] DEBUG:   data: 59 50 45 20 73 6c 20 50 55 42 4c 49 43 20 22 2d   YPE sl PUBLIC "-
2026-04-26 16:11:11 [756802] [1] DEBUG:   data: 2f 2f 57 41 50 46 4f 52 55 4d 2f 2f 44 54 44 20   //WAPFORUM//DTD 
2026-04-26 16:11:11 [756802] [1] DEBUG:   data: 53 4c 20 31 2e 30 2f 2f 45 4e 22 0a 20 20 20 20   SL 1.0//EN".    
2026-04-26 16:11:11 [756802] [1] DEBUG:   data: 20 20 20 20 20 20 20 20 20 20 20 20 22 68 74 74               "htt
2026-04-26 16:11:11 [756802] [1] DEBUG:   data: 70 3a 2f 2f 77 77 77 2e 77 61 70 66 6f 72 75 6d   p://www.wapforum
2026-04-26 16:11:11 [756802] [1] DEBUG:   data: 2e 6f 72 67 2f 44 54 44 2f 73 6c 2e 64 74 64 22   .org/DTD/sl.dtd"
2026-04-26 16:11:11 [756802] [1] DEBUG:   data: 3e 0a 3c 73 6c 0a 20 20 20 20 68 72 65 66 3d 22   >.<sl.    href="
2026-04-26 16:11:11 [756802] [1] DEBUG:   data: 68 74 74 70 3a 2f 2f 77 61 70 2e 69 6f 62 6f 78   http://wap.iobox
2026-04-26 16:11:11 [756802] [1] DEBUG:   data: 2e 66 69 22 0a 20 20 20 20 61 63 74 69 6f 6e 3d   .fi".    action=
2026-04-26 16:11:11 [756802] [1] DEBUG:   data: 22 65 78 65 63 75 74 65 2d 68 69 67 68 22 3e 0a   "execute-high">.
2026-04-26 16:11:11 [756802] [1] DEBUG:   data: 3c 2f 73 6c 3e 0d 0a 2d 2d 61 73 64 6c 66 6b 6a   </sl>..--asdlfkj
2026-04-26 16:11:11 [756802] [1] DEBUG:   data: 69 75 72 77 67 68 61 73 66 2d 2d                  iurwghasf--
2026-04-26 16:11:11 [756802] [1] DEBUG: Octet string dump ends.
2026-04-26 16:11:11 [756802] [1] DEBUG: and headers
2026-04-26 16:11:11 [756802] [1] DEBUG: Dumping HTTP headers:
2026-04-26 16:11:11 [756802] [1] DEBUG:  Octet string at 0x7bd250001a90:
2026-04-26 16:11:11 [756802] [1] DEBUG:    len:  82
2026-04-26 16:11:11 [756802] [1] DEBUG:    size: 1024
2026-04-26 16:11:11 [756802] [1] DEBUG:    immutable: 0
2026-04-26 16:11:11 [756802] [1] DEBUG:    data: 43 6f 6e 74 65 6e 74 2d 54 79 70 65 3a 20 6d 75   Content-Type: mu
2026-04-26 16:11:11 [756802] [1] DEBUG:    data: 6c 74 69 70 61 72 74 2f 72 65 6c 61 74 65 64 3b   ltipart/related;
2026-04-26 16:11:11 [756802] [1] DEBUG:    data: 20 62 6f 75 6e 64 61 72 79 3d 61 73 64 6c 66 6b    boundary=asdlfk
2026-04-26 16:11:11 [756802] [1] DEBUG:    data: 6a 69 75 72 77 67 68 61 73 66 3b 20 74 79 70 65   jiurwghasf; type
2026-04-26 16:11:11 [756802] [1] DEBUG:    data: 3d 22 61 70 70 6c 69 63 61 74 69 6f 6e 2f 78 6d   ="application/xm
2026-04-26 16:11:11 [756802] [1] DEBUG:    data: 6c 22                                             l"
2026-04-26 16:11:11 [756802] [1] DEBUG:  Octet string dump ends.
2026-04-26 16:11:11 [756802] [1] DEBUG: End of dump.
2026-04-26 16:11:11 [756802] [1] DEBUG: TEST_PPG: starting to push job 0
2026-04-26 16:11:11 [756802] [1] DEBUG: Started thread 2 (gwlib/fdset.c:poller)
2026-04-26 16:11:11 [756802] [1] DEBUG: Started thread 3 (gwlib/http.c:write_request_thread)
2026-04-26 16:11:11 [756802] [1] DEBUG: push done
2026-04-26 16:11:11 [756802] [3] DEBUG: Thread 3 (gwlib/http.c:write_request_thread) maps to pid 756802.
2026-04-26 16:11:11 [756802] [2] DEBUG: Thread 2 (gwlib/fdset.c:poller) maps to pid 756802.
2026-04-26 16:11:11 [756802] [3] DEBUG: Queue contains 0 pending requests.
2026-04-26 16:11:11 [756802] [3] DEBUG: Parsing URL `http://127.0.0.1:18080/cgi-bin/wap-push.cgi?username=foo&password=bar':
2026-04-26 16:11:11 [756802] [3] DEBUG:   Scheme: http://
2026-04-26 16:11:11 [756802] [3] DEBUG:   Host: 127.0.0.1
2026-04-26 16:11:11 [756802] [3] DEBUG:   Port: 18080
2026-04-26 16:11:11 [756802] [3] DEBUG:   Username: (null)
2026-04-26 16:11:11 [756802] [3] DEBUG:   Password: (null)
2026-04-26 16:11:11 [756802] [3] DEBUG:   Path: /cgi-bin/wap-push.cgi
2026-04-26 16:11:11 [756802] [3] DEBUG:   Query: username=foo&password=bar
2026-04-26 16:11:11 [756802] [3] DEBUG:   Fragment: (null)
2026-04-26 16:11:11 [756802] [3] DEBUG: Connecting nonblocking to <127.0.0.1>
2026-04-26 16:11:11 [756802] [3] DEBUG: HTTP: Opening connection to `127.0.0.1:18080' (fd=12).
2026-04-26 16:11:11 [756802] [3] DEBUG: Socket connecting
2026-04-26 16:11:11 [756802] [2] DEBUG: Get info about connecting socket
2026-04-26 16:11:11 [756802] [2] DEBUG: Socket not connected
2026-04-26 16:11:11 [756802] [2] ERROR: Couldn't fetch <http://127.0.0.1:18080/cgi-bin/wap-push.cgi?username=foo&password=bar>
2026-04-26 16:11:11 [756802] [1] ERROR: push failed, no reason found
2026-04-26 16:11:11 [756802] [1] INFO: TEST_PPG: In thread 1 0 succeeded, 1 failed
2026-04-26 16:11:11 [756802] [1] DEBUG: Thread 1 (test/test_ppg.c:push_thread) terminates.
2026-04-26 16:11:11 [756802] [0] INFO: TEST_PPG: 1 requests in 0.000000 seconds, inf requests per second
2026-04-26 16:11:11 [756802] [0] DEBUG: Waiting for 3 (gwlib/http.c:write_request_thread) to terminate
2026-04-26 16:11:11 [756802] [3] DEBUG: Thread 3 (gwlib/http.c:write_request_thread) terminates.
2026-04-26 16:11:11 [756802] [2] DEBUG: Thread 2 (gwlib/fdset.c:poller) terminates.
2026-04-26 16:11:11 [756802] [0] DEBUG: Immutable octet strings: 12.
